Microchip MPLAB XC8 Compiler V1.34 ()

Linker command line:

--edf=C:\Program Files (x86)\Microchip\xc8\v1.34\dat\en_msgs.txt -cs \
  -h+dist/default/production\Shira2.X.production.sym \
  --cmf=dist/default/production\Shira2.X.production.cmf -z -Q18LF23K22 \
  -oC:\Users\George\AppData\Local\Temp\s45c.6 \
  -Mdist/default/production/Shira2.X.production.map -E1 -ver=XC8 \
  -ASTACK=0129h-01ffh -pstack=STACK -ACODE=00h-01FFFh -ACONST=00h-01FFFh \
  -ASMALLCONST=0200h-02FFhx30 -AMEDIUMCONST=0200h-01FFFh -ACOMRAM=01h-05Fh \
  -AABS1=00h-01FFh -ABIGRAM=01h-01FFh -ARAM=060h-0FFh,0100h-01FFh \
  -ABANK0=060h-0FFh -ABANK1=0100h-01FFh -ASFR=0F38h-0F5Fh,0F60h-0FFFh \
  -preset_vec=00h,intcode=08h,intcodelo,powerup,init,end_init \
  -pramtop=0200h -psmallconst=SMALLCONST -pmediumconst=MEDIUMCONST \
  -pconst=CONST -AFARRAM=00h-00h -ACONFIG=0300000h-030000Dh -pconfig=CONFIG \
  -AIDLOC=0200000h-0200007h -pidloc=IDLOC -AEEDATA=0F00000h-0F000FFh \
  -peeprom_data=EEDATA \
  -prdata=COMRAM,nvrram=COMRAM,nvbit=COMRAM,rbss=COMRAM,rbit=COMRAM \
  -pfarbss=FARRAM,fardata=FARRAM,nvFARRAM=FARRAM \
  -pintsave_regs=BIGRAM,bigbss=BIGRAM,bigdata=BIGRAM -pbss=RAM \
  -pidata=CODE,irdata=CODE,ibigdata=CODE,ifardata=CODE -prparam=COMRAM \
  C:\Users\George\AppData\Local\Temp\s45c.obj \
  dist/default/production\Shira2.X.production.obj 

Object code version is 3.11

Machine type is 18LF23K22

Call graph: (short form)




                Name                               Link     Load   Length Selector   Space Scale
C:\Users\George\AppData\Local\Temp\s45c.obj
                end_init                            1CA      1CA        4        4       0
                reset_vec                             0        0        4        0       0
                idloc                            200000   200000        8   200000       0
                config                           300000   300000        E   300000       0
dist/default/production\Shira2.X.production.obj
                eeprom_data                      F00000   F00000       90   F00000       0
                intcode                               8        8      1C2        4       0
                mediumconst                        1BC0     1BC0      440      DE0       0
                text33                             17FE     17FE       5C        4       0
                text32                             18B2     18B2       4C        4       0
                text31                             1A7E     1A7E       28        4       0
                text30                             1AEC     1AEC       22        4       0
                text29                             1B78     1B78        E        4       0
                text28                              1CE      1CE      95A        4       0
                text27                             1472     1472       A0        4       0
                text26                             1B2E     1B2E       1E        4       0
                text25                             1B64     1B64       14        4       0
                text24                             18FE     18FE       40        4       0
                text23                              F7A      F7A      15C        4       0
                text22                             1AA6     1AA6       24        4       0
                text21                             179C     179C       62        4       0
                text20                             1B0E     1B0E       20        4       0
                text19                             1ACA     1ACA       22        4       0
                text18                             1A54     1A54       2A        4       0
                text17                             1310     1310       B4        4       0
                text16                             1B86     1B86        8        4       0
                text15                             19B2     19B2       3A        4       0
                text14                             1978     1978       3A        4       0
                text13                             193E     193E       3A        4       0
                text12                             10D6     10D6      128        4       0
                text11                             185A     185A       58        4       0
                text10                             11FE     11FE      112        4       0
                text9                              19EC     19EC       38        4       0
                text8                              1B4C     1B4C       18        4       0
                text7                              172E     172E       6E        4       0
                text6                              15A8     15A8       8C        4       0
                text5                               DEA      DEA      190        4       0
                text4                              1634     1634       82        4       0
                text3                              16B6     16B6       78        4       0
                text2                              1512     1512       96        4       0
                text1                              13C4     13C4       AE        4       0
                text0                               B28      B28      2C2        4       0
                cstackCOMRAM                          1        1       28        1       1
                cstackBANK1                         100      100       15      100       1
                bssBANK1                            115      115       14      100       1
                bssBANK0                             60       60       8B       60       1
                bssCOMRAM                            29       29       21        1       1
                bitbssCOMRAM                        250       4A        1        1       1     8
                cinit                              1A24     1A24       30        4       0
                nvBANK0                              EB       EB        6       60       1

TOTAL           Name                               Link     Load   Length     Space
        CLASS   STACK          

        CLASS   CODE           
                end_init                            1CA      1CA        4         0
                intcode                               8        8      1C2         0
                reset_vec                             0        0        4         0
                text33                             17FE     17FE       5C         0
                text32                             18B2     18B2       4C         0
                text31                             1A7E     1A7E       28         0
                text30                             1AEC     1AEC       22         0
                text29                             1B78     1B78        E         0
                text28                              1CE      1CE      95A         0
                text27                             1472     1472       A0         0
                text26                             1B2E     1B2E       1E         0
                text25                             1B64     1B64       14         0
                text24                             18FE     18FE       40         0
                text23                              F7A      F7A      15C         0
                text22                             1AA6     1AA6       24         0
                text21                             179C     179C       62         0
                text20                             1B0E     1B0E       20         0
                text19                             1ACA     1ACA       22         0
                text18                             1A54     1A54       2A         0
                text17                             1310     1310       B4         0
                text16                             1B86     1B86        8         0
                text15                             19B2     19B2       3A         0
                text14                             1978     1978       3A         0
                text13                             193E     193E       3A         0
                text12                             10D6     10D6      128         0
                text11                             185A     185A       58         0
                text10                             11FE     11FE      112         0
                text9                              19EC     19EC       38         0
                text8                              1B4C     1B4C       18         0
                text7                              172E     172E       6E         0
                text6                              15A8     15A8       8C         0
                text5                               DEA      DEA      190         0
                text4                              1634     1634       82         0
                text3                              16B6     16B6       78         0
                text2                              1512     1512       96         0
                text1                              13C4     13C4       AE         0
                text0                               B28      B28      2C2         0
                cinit                              1A24     1A24       30         0

        CLASS   CONST          

        CLASS   SMALLCONST     

        CLASS   MEDIUMCONST    
                mediumconst                        1BC0     1BC0      440         0

        CLASS   COMRAM         
                cstackCOMRAM                          1        1       28         1
                bssCOMRAM                            29       29       21         1
                bitbssCOMRAM                        250       4A        1         1

        CLASS   ABS1           

        CLASS   BIGRAM         

        CLASS   RAM            

        CLASS   BANK0          
                bssBANK0                             60       60       8B         1
                nvBANK0                              EB       EB        6         1

        CLASS   BANK1          
                cstackBANK1                         100      100       15         1
                bssBANK1                            115      115       14         1

        CLASS   SFR            

        CLASS   FARRAM         

        CLASS   CONFIG         
                config                           300000   300000        E         0

        CLASS   IDLOC          
                idloc                            200000   200000        8         0

        CLASS   EEDATA         
                eeprom_data                      F00000   F00000       90         0



SEGMENTS        Name                           Load    Length   Top    Selector   Space  Class

                reset_vec                      000000  000004  000004         0       0  CODE    
                cstackCOMRAM                   000001  00004A  00004B         1       1  COMRAM  
                intcode                        000008  001B86  001B8E         4       0  CODE    
                bssBANK0                       000060  000091  0000F1        60       1  BANK0   
                cstackBANK1                    000100  000029  000129       100       1  BANK1   
                mediumconst                    001BC0  000440  002000       DE0       0  MEDIUMCO
                idloc                          200000  000008  200008    200000       0  IDLOC   
                config                         300000  00000E  30000E    300000       0  CONFIG  
                eeprom_data                    F00000  000090  F00090    F00000       0  EEDATA  


UNUSED ADDRESS RANGES

        Name                Unused          Largest block    Delta
        BANK0            0000F1-0000FF                F
        BANK1            000129-0001FF               D7
        BIGRAM           00004B-00005F               15
                         0000F1-0000FF                F
                         000129-0001FF               D7
        CODE             000004-000007                4
                         001B8E-001BBF               32
        COMRAM           00004B-00005F               15
        CONST            000004-000007                4
                         001B8E-001BBF               32
        EEDATA           F00090-F000FF               70
        MEDIUMCONST      001B8E-001BBF               32
        RAM              0000F1-0000FF                F
                         000129-0001FF               D7
        SFR              000F38-000FFF               28
        SMALLCONST       001B8E-001BBF               32
        STACK            000129-0001FF               D7

                                  Symbol Table

?___lwdiv                                        cstackCOMRAM 000010
?___lwmod                                        cstackCOMRAM 000017
?___wmul                                         cstackCOMRAM 000010
?_load_int_from_eeprom                           cstackCOMRAM 000012
?_printf                                         cstackCOMRAM 00001C
?_readA2D                                        cstackCOMRAM 000010
DelayMs@_dcnt                                    cstackCOMRAM 000012
DelayMs@cnt                                      cstackCOMRAM 000010
DelayMs@i                                        cstackCOMRAM 000011
Read_b_eep@badd                                  cstackCOMRAM 000010
Write_b_eep@GIE_BIT_VAL                          cstackCOMRAM 000013
Write_b_eep@badd                                 cstackCOMRAM 000010
Write_b_eep@bdat                                 cstackCOMRAM 000012
_ADCON0                                          (abs)        000FC2
_ADCON1                                          (abs)        000FC1
_ADCON1bits                                      (abs)        000FC1
_ADCON2                                          (abs)        000FC0
_ADRESH                                          (abs)        000FC4
_ADRESL                                          (abs)        000FC3
_ANSELA                                          (abs)        000F38
_ANSELB                                          (abs)        000F39
_ANSELC                                          (abs)        000F3A
_BAUDCON1bits                                    (abs)        000FB8
_Busy_eep                                        text16       001B86
_BuzzTimer                                       bssBANK0     0000D2
_CLearn                                          bssBANK0     000078
_CREN1                                           (abs)        007D5C
_CTLearn                                         bssBANK0     00007A
_Charging_handler                                text27       001472
_Count_1000m                                     bssCOMRAM    000037
_Count_100m                                      bssCOMRAM    000038
_Count_10Sec                                     bssCOMRAM    000039
_Count_10m                                       bssCOMRAM    00003A
_Count_10min                                     bssCOMRAM    00003B
_Count_1hour                                     bssCOMRAM    00003C
_Count_1min                                      bssCOMRAM    00003D
_Count_500m                                      bssCOMRAM    00003E
_DelayMs                                         text19       001ACA
_EEADR                                           (abs)        000FA9
_EECON1bits                                      (abs)        000FA6
_EECON2                                          (abs)        000FA7
_EEDATA                                          (abs)        000FA8
_FERR1                                           (abs)        007D5A
_FLearn                                          bssBANK0     0000D3
_FVRCONbits                                      (abs)        000F42
_GIE                                             (abs)        007F97
_GODONE                                          (abs)        007E11
_GO_DONE                                         (abs)        007E11
_GREEN_LED_10mS_Timer                            bssBANK0     00007C
_GRID_Voltage_ADC_val                            bssCOMRAM    000029
_INT1F                                           (abs)        007F80
_INTCONbits                                      (abs)        000FF2
_ISR                                             intcode      000008
_LATA                                            (abs)        000F89
_LATAbits                                        (abs)        000F89
_LATB                                            (abs)        000F8A
_LATBbits                                        (abs)        000F8A
_LATC                                            (abs)        000F8B
_LATCbits                                        (abs)        000F8B
_Learn_Window                                    bssBANK0     0000D4
_OERR1                                           (abs)        007D59
_ORANGE_LED_10mS_Timer                           bssBANK0     00007E
_OSCCON                                          (abs)        000FD3
_PEIE                                            (abs)        007F96
_PORTBbits                                       (abs)        000F81
_RC1IE                                           (abs)        007CED
_RC1IF                                           (abs)        007CF5
_RCIE                                            (abs)        007CED
_RCIF                                            (abs)        007CF5
_RCON                                            (abs)        000FD0
_RCREG                                           (abs)        000FAE
_RCREG1                                          (abs)        000FAE
_RCSTA                                           (abs)        000FAB
_RED_LED_10mS_Timer                              bssBANK0     000080
_Read_b_eep                                      text25       001B64
_SPBRG                                           (abs)        000FAF
_SPEN1                                           (abs)        007D5F
_Switch_stat                                     bssCOMRAM    00003F
_Sync_Last                                       bssBANK0     0000D5
_T1CON                                           (abs)        000FCD
_TMR1H                                           (abs)        000FCF
_TMR1IE                                          (abs)        007CE8
_TMR1IF                                          (abs)        007CF0
_TMR1L                                           (abs)        000FCE
_TRISA                                           (abs)        000F92
_TRISA1                                          (abs)        007C91
_TRISB                                           (abs)        000F93
_TRISC                                           (abs)        000F94
_TRISC0                                          (abs)        007CA0
_TRISC6                                          (abs)        007CA6
_TRISC7                                          (abs)        007CA7
_TRMT1                                           (abs)        007D61
_TXREG                                           (abs)        000FAD
_TXSTA                                           (abs)        000FAC
_Vbat_ADC_val                                    bssCOMRAM    00002B
_Vbat_ADC_val_accum                              bssBANK0     000082
_Vin_ADC_accum                                   bssBANK0     000084
_WDT_cnter                                       bssBANK0     000086
_WPUB                                            (abs)        000F61
_Write_b_eep                                     text15       0019B2
__CFG_BOREN$NOSLP                                (abs)        000000
__CFG_BORV$190                                   (abs)        000000
__CFG_CCP2MX$PORTC1                              (abs)        000000
__CFG_CCP3MX$PORTB5                              (abs)        000000
__CFG_CP0$OFF                                    (abs)        000000
__CFG_CP1$OFF                                    (abs)        000000
__CFG_CPB$OFF                                    (abs)        000000
__CFG_CPD$OFF                                    (abs)        000000
__CFG_EBTR0$OFF                                  (abs)        000000
__CFG_EBTR1$OFF                                  (abs)        000000
__CFG_EBTRB$OFF                                  (abs)        000000
__CFG_FCMEN$OFF                                  (abs)        000000
__CFG_FOSC$INTIO67                               (abs)        000000
__CFG_HFOFST$ON                                  (abs)        000000
__CFG_IESO$OFF                                   (abs)        000000
__CFG_LVP$OFF                                    (abs)        000000
__CFG_MCLRE$EXTMCLR                              (abs)        000000
__CFG_P2BMX$PORTB5                               (abs)        000000
__CFG_PBADEN$OFF                                 (abs)        000000
__CFG_PLLCFG$ON                                  (abs)        000000
__CFG_PRICLKEN$ON                                (abs)        000000
__CFG_PWRTEN$ON                                  (abs)        000000
__CFG_STVREN$OFF                                 (abs)        000000
__CFG_T3CMX$PORTC0                               (abs)        000000
__CFG_WDTEN$ON                                   (abs)        000000
__CFG_WDTPS$8                                    (abs)        000000
__CFG_WRT0$OFF                                   (abs)        000000
__CFG_WRT1$OFF                                   (abs)        000000
__CFG_WRTB$OFF                                   (abs)        000000
__CFG_WRTC$OFF                                   (abs)        000000
__CFG_WRTD$OFF                                   (abs)        000000
__CFG_XINST$OFF                                  (abs)        000000
__HRAM                                           (abs)        000000
__Habs1                                          abs1         000000
__Hbank0                                         bank0        000000
__Hbank1                                         bank1        000000
__Hbigbss                                        bigbss       000000
__Hbigdata                                       bigdata      000000
__Hbigram                                        bigram       000000
__HbitbssCOMRAM                                  bitbssCOMRAM 000000
__Hbss                                           bss          000000
__HbssBANK0                                      bssBANK0     000000
__HbssBANK1                                      bssBANK1     000000
__HbssCOMRAM                                     bssCOMRAM    000000
__Hcinit                                         cinit        000000
__Hclrtext                                       clrtext      000000
__Hcomram                                        comram       000000
__Hconfig                                        config       30000E
__Hconst                                         const        000000
__HcstackBANK1                                   cstackBANK1  000000
__HcstackCOMRAM                                  cstackCOMRAM 000000
__Hdata                                          data         000000
__Heeprom_data                                   eeprom_data  F00090
__Hend_init                                      end_init     0001CE
__Hfarbss                                        farbss       000000
__Hfardata                                       fardata      000000
__Hibigdata                                      ibigdata     000000
__Hidata                                         idata        000000
__Hidloc                                         idloc        200008
__Hifardata                                      ifardata     000000
__Hinit                                          init         0001CA
__Hintcode                                       intcode      0001CA
__Hintcode_body                                  intcode_body 000000
__Hintcodelo                                     intcodelo    0001CA
__Hintentry                                      intentry     000000
__Hintret                                        intret       000000
__Hintsave_regs                                  intsave_regs 000000
__Hirdata                                        irdata       000000
__Hmediumconst                                   mediumconst  002000
__HnvBANK0                                       nvBANK0      000000
__HnvFARRAM                                      nvFARRAM     000000
__Hnvbit                                         nvbit        000000
__Hnvrram                                        nvrram       000000
__Hparam                                         rparam       000000
__Hpowerup                                       powerup      0001CA
__Hram                                           ram          000000
__Hramtop                                        ramtop       000200
__Hrbit                                          rbit         000000
__Hrbss                                          rbss         000000
__Hrdata                                         rdata        000000
__Hreset_vec                                     reset_vec    000004
__Hrparam                                        rparam       000000
__Hsfr                                           sfr          000000
__Hsmallconst                                    smallconst   000000
__Hspace_0                                       (abs)        F00090
__Hspace_1                                       (abs)        000251
__Hspace_2                                       (abs)        000000
__Hstack                                         stack        000000
__Hstruct                                        struct       000000
__Htemp                                          temp         000000
__Htext                                          text         000000
__Htext0                                         text0        000000
__Htext1                                         text1        000000
__Htext10                                        text10       000000
__Htext11                                        text11       000000
__Htext12                                        text12       000000
__Htext13                                        text13       000000
__Htext14                                        text14       000000
__Htext15                                        text15       000000
__Htext16                                        text16       000000
__Htext17                                        text17       000000
__Htext18                                        text18       000000
__Htext19                                        text19       000000
__Htext2                                         text2        000000
__Htext20                                        text20       000000
__Htext21                                        text21       000000
__Htext22                                        text22       000000
__Htext23                                        text23       000000
__Htext24                                        text24       000000
__Htext25                                        text25       000000
__Htext26                                        text26       000000
__Htext27                                        text27       000000
__Htext28                                        text28       000000
__Htext29                                        text29       000000
__Htext3                                         text3        000000
__Htext30                                        text30       000000
__Htext31                                        text31       000000
__Htext32                                        text32       000000
__Htext33                                        text33       000000
__Htext4                                         text4        000000
__Htext5                                         text5        000000
__Htext6                                         text6        000000
__Htext7                                         text7        000000
__Htext8                                         text8        000000
__Htext9                                         text9        000000
__LRAM                                           (abs)        000001
__Labs1                                          abs1         000000
__Lbank0                                         bank0        000000
__Lbank1                                         bank1        000000
__Lbigbss                                        bigbss       000000
__Lbigdata                                       bigdata      000000
__Lbigram                                        bigram       000000
__LbitbssCOMRAM                                  bitbssCOMRAM 000000
__Lbss                                           bss          000000
__LbssBANK0                                      bssBANK0     000000
__LbssBANK1                                      bssBANK1     000000
__LbssCOMRAM                                     bssCOMRAM    000000
__Lcinit                                         cinit        000000
__Lclrtext                                       clrtext      000000
__Lcomram                                        comram       000000
__Lconfig                                        config       300000
__Lconst                                         const        000000
__LcstackBANK1                                   cstackBANK1  000000
__LcstackCOMRAM                                  cstackCOMRAM 000000
__Ldata                                          data         000000
__Leeprom_data                                   eeprom_data  F00000
__Lend_init                                      end_init     0001CA
__Lfarbss                                        farbss       000000
__Lfardata                                       fardata      000000
__Libigdata                                      ibigdata     000000
__Lidata                                         idata        000000
__Lidloc                                         idloc        200000
__Lifardata                                      ifardata     000000
__Linit                                          init         0001CA
__Lintcode                                       intcode      000008
__Lintcode_body                                  intcode_body 000000
__Lintcodelo                                     intcodelo    0001CA
__Lintentry                                      intentry     000000
__Lintret                                        intret       000000
__Lintsave_regs                                  intsave_regs 000000
__Lirdata                                        irdata       000000
__Lmediumconst                                   mediumconst  001BC0
__LnvBANK0                                       nvBANK0      000000
__LnvFARRAM                                      nvFARRAM     000000
__Lnvbit                                         nvbit        000000
__Lnvrram                                        nvrram       000000
__Lparam                                         rparam       000000
__Lpowerup                                       powerup      0001CA
__Lram                                           ram          000000
__Lramtop                                        ramtop       000200
__Lrbit                                          rbit         000000
__Lrbss                                          rbss         000000
__Lrdata                                         rdata        000000
__Lreset_vec                                     reset_vec    000000
__Lrparam                                        rparam       000000
__Lsfr                                           sfr          000000
__Lsmallconst                                    smallconst   000000
__Lspace_0                                       (abs)        000000
__Lspace_1                                       (abs)        000000
__Lspace_2                                       (abs)        000000
__Lstack                                         stack        000000
__Lstruct                                        struct       000000
__Ltemp                                          temp         000000
__Ltext                                          text         000000
__Ltext0                                         text0        000000
__Ltext1                                         text1        000000
__Ltext10                                        text10       000000
__Ltext11                                        text11       000000
__Ltext12                                        text12       000000
__Ltext13                                        text13       000000
__Ltext14                                        text14       000000
__Ltext15                                        text15       000000
__Ltext16                                        text16       000000
__Ltext17                                        text17       000000
__Ltext18                                        text18       000000
__Ltext19                                        text19       000000
__Ltext2                                         text2        000000
__Ltext20                                        text20       000000
__Ltext21                                        text21       000000
__Ltext22                                        text22       000000
__Ltext23                                        text23       000000
__Ltext24                                        text24       000000
__Ltext25                                        text25       000000
__Ltext26                                        text26       000000
__Ltext27                                        text27       000000
__Ltext28                                        text28       000000
__Ltext29                                        text29       000000
__Ltext3                                         text3        000000
__Ltext30                                        text30       000000
__Ltext31                                        text31       000000
__Ltext32                                        text32       000000
__Ltext33                                        text33       000000
__Ltext4                                         text4        000000
__Ltext5                                         text5        000000
__Ltext6                                         text6        000000
__Ltext7                                         text7        000000
__Ltext8                                         text8        000000
__Ltext9                                         text9        000000
__S0                                             (abs)        F00090
__S1                                             (abs)        000129
__S2                                             (abs)        000000
___inthi_sp                                      stack        000000
___intlo_sp                                      stack        000000
___lwdiv                                         text33       0017FE
___lwdiv@counter                                 cstackCOMRAM 000014
___lwdiv@dividend                                cstackCOMRAM 000010
___lwdiv@divisor                                 cstackCOMRAM 000012
___lwdiv@quotient                                cstackCOMRAM 000015
___lwmod                                         text32       0018B2
___lwmod@counter                                 cstackCOMRAM 00001B
___lwmod@dividend                                cstackCOMRAM 000017
___lwmod@divisor                                 cstackCOMRAM 000019
___param_bank                                    (abs)        000010
___rparam_used                                   (abs)        000001
___sp                                            stack        000000
___wmul                                          text31       001A7E
___wmul@multiplicand                             cstackCOMRAM 000012
___wmul@multiplier                               cstackCOMRAM 000010
___wmul@product                                  cstackCOMRAM 000014
__accesstop                                      (abs)        000060
__activetblptr                                   (abs)        000002
__end_of_Busy_eep                                text16       001B8E
__end_of_Charging_handler                        text27       001512
__end_of_DelayMs                                 text19       001AEC
__end_of_ISR                                     intcode      0001CA
__end_of_Read_b_eep                              text25       001B78
__end_of_Write_b_eep                             text15       0019EC
__end_of___lwdiv                                 text33       00185A
__end_of___lwmod                                 text32       0018FE
__end_of___wmul                                  text31       001AA6
__end_of__initialization                         cinit        001A4A
__end_of_activate_buzzer                         text20       001B2E
__end_of_blink_GREEN_LED_and_RED_LED_and_BUZZER  text9        001A24
__end_of_blink_RED_LED                           text18       001A7E
__end_of_buzz_off                                text22       001ACA
__end_of_buzz_on                                 text21       0017FE
__end_of_display_voltage                         text26       001B4C
__end_of_dpowers                                 mediumconst  001BD7
__end_of_eeprom_data_refresh                     text23       0010D6
__end_of_eeprom_time_delay                       text13       001978
__end_of_error_stat_hendler                      text17       0013C4
__end_of_hexpowers                               mediumconst  001BDF
__end_of_init_USART                              text8        001B64
__end_of_init_system                             text7        00179C
__end_of_isdigit                                 text30       001B0E
__end_of_load_int_from_eeprom                    text24       00193E
__end_of_long_test_stat_hendler                  text12       0011FE
__end_of_main                                    text0        000DEA
__end_of_octpowers                               mediumconst  001BCD
__end_of_output_hendler                          text11       0018B2
__end_of_printf                                  text28       000B28
__end_of_putch                                   text29       001B86
__end_of_readA2D                                 text6        001634
__end_of_save_int_to_eeprom                      text14       0019B2
__end_of_short_test_stat_hendler                 text10       001310
__end_of_sleep_stat_hendler                      text5        000F7A
__end_of_stby_stat_hendler                       text4        0016B6
__end_of_test_stat_hendler                       text3        00172E
__end_of_vbat_check                              text2        0015A8
__end_of_work_stat_hendler                       text1        001472
__initialization                                 cinit        001A24
__mediumconst                                    mediumconst  001BC0
__pbitbssCOMRAM                                  bitbssCOMRAM 000250
__pbssBANK0                                      bssBANK0     000060
__pbssBANK1                                      bssBANK1     000115
__pbssCOMRAM                                     bssCOMRAM    000029
__pcinit                                         cinit        001A24
__pcstackBANK1                                   cstackBANK1  000100
__pcstackCOMRAM                                  cstackCOMRAM 000001
__pintcode                                       intcode      000008
__pmediumconst                                   mediumconst  001BC0
__pnvBANK0                                       nvBANK0      0000EB
__ptext0                                         text0        000B28
__ptext1                                         text1        0013C4
__ptext10                                        text10       0011FE
__ptext11                                        text11       00185A
__ptext12                                        text12       0010D6
__ptext13                                        text13       00193E
__ptext14                                        text14       001978
__ptext15                                        text15       0019B2
__ptext16                                        text16       001B86
__ptext17                                        text17       001310
__ptext18                                        text18       001A54
__ptext19                                        text19       001ACA
__ptext2                                         text2        001512
__ptext20                                        text20       001B0E
__ptext21                                        text21       00179C
__ptext22                                        text22       001AA6
__ptext23                                        text23       000F7A
__ptext24                                        text24       0018FE
__ptext25                                        text25       001B64
__ptext26                                        text26       001B2E
__ptext27                                        text27       001472
__ptext28                                        text28       0001CE
__ptext29                                        text29       001B78
__ptext3                                         text3        0016B6
__ptext30                                        text30       001AEC
__ptext31                                        text31       001A7E
__ptext32                                        text32       0018B2
__ptext33                                        text33       0017FE
__ptext4                                         text4        001634
__ptext5                                         text5        000DEA
__ptext6                                         text6        0015A8
__ptext7                                         text7        00172E
__ptext8                                         text8        001B4C
__ptext9                                         text9        0019EC
__ramtop                                         ramtop       000200
__size_of_Busy_eep                               (abs)        000000
__size_of_Charging_handler                       (abs)        000000
__size_of_DelayMs                                (abs)        000000
__size_of_ISR                                    (abs)        000000
__size_of_Read_b_eep                             (abs)        000000
__size_of_Write_b_eep                            (abs)        000000
__size_of___lwdiv                                (abs)        000000
__size_of___lwmod                                (abs)        000000
__size_of___wmul                                 (abs)        000000
__size_of_activate_buzzer                        (abs)        000000
__size_of_blink_GREEN_LED_and_RED_LED_and_BUZZER (abs)        000000
__size_of_blink_RED_LED                          (abs)        000000
__size_of_buzz_off                               (abs)        000000
__size_of_buzz_on                                (abs)        000000
__size_of_display_voltage                        (abs)        000000
__size_of_eeprom_data_refresh                    (abs)        000000
__size_of_eeprom_time_delay                      (abs)        000000
__size_of_error_stat_hendler                     (abs)        000000
__size_of_init_USART                             (abs)        000000
__size_of_init_system                            (abs)        000000
__size_of_isdigit                                (abs)        000000
__size_of_load_int_from_eeprom                   (abs)        000000
__size_of_long_test_stat_hendler                 (abs)        000000
__size_of_main                                   (abs)        000000
__size_of_output_hendler                         (abs)        000000
__size_of_printf                                 (abs)        000000
__size_of_putch                                  (abs)        000000
__size_of_readA2D                                (abs)        000000
__size_of_save_int_to_eeprom                     (abs)        000000
__size_of_short_test_stat_hendler                (abs)        000000
__size_of_sleep_stat_hendler                     (abs)        000000
__size_of_stby_stat_hendler                      (abs)        000000
__size_of_test_stat_hendler                      (abs)        000000
__size_of_vbat_check                             (abs)        000000
__size_of_work_stat_hendler                      (abs)        000000
__smallconst                                     smallconst   000000
_a                                               bssBANK0     0000D6
_activate_buzzer                                 text20       001B0E
_analog_delay_count                              bssCOMRAM    000040
_analog_samples_count                            bssBANK0     0000D7
_bat_is_disconnected_voltage                     bssBANK0     000088
_bat_is_shorted_voltage                          bssBANK0     00008A
_batt_full_voltage                               bssBANK0     00008C
_batt_stat                                       bssCOMRAM    000041
_batt_voltage                                    bssBANK0     00008E
_blink_GREEN_LED_and_RED_LED_and_BUZZER          text9        0019EC
_blink_RED_LED                                   text18       001A54
_blink_sec_count                                 bssBANK0     000090
_buzz_off                                        text22       001AA6
_buzz_on                                         text21       00179C
_charging_stat                                   bssBANK0     0000D8
_curent_save_position                            bssBANK0     0000D9
_data_buff                                       bssBANK1     000115
_display_voltage                                 text26       001B2E
_dpowers                                         mediumconst  001BCD
_dummy                                           bssBANK0     0000DA
_eeprom_data_refresh                             text23       000F7A
_eeprom_time_delay                               text13       00193E
_enable_sending_data                             bssBANK0     0000DB
_eraze_transmiters_cnt                           bssBANK0     0000DC
_error_buzzer_count                              bssBANK0     0000DD
_error_stat_hendler                              text17       001310
_exit_sleep_count                                bssBANK0     000092
_exit_sleep_press                                nvBANK0      0000EB
_g                                               bssBANK0     000094
_green_led                                       bssBANK0     0000DE
_grid_power_high_voltage                         bssBANK0     000096
_grid_power_low_voltage                          bssCOMRAM    00002D
_hexpowers                                       mediumconst  001BD7
_hour_counter                                    bssBANK0     000098
_i                                               bssBANK0     0000DF
_init_USART                                      text8        001B4C
_init_system                                     text7        00172E
_isdigit                                         text30       001AEC
_isdigit$2006                                    cstackCOMRAM 000011
_last_main_led_stat                              bssBANK0     0000E0
_last_sw_stat                                    bssCOMRAM    000042
_led_off_bat_voltage                             bssBANK0     00009A
_led_on_bat_voltage                              bssBANK0     00009C
_load_int_from_eeprom                            text24       0018FE
_long_press_time                                 bssBANK0     00009E
_long_test_stat_hendler                          text12       0010D6
_long_time_test_pass                             bssBANK0     0000A0
_lrn_sw_presed_on_remote                         bssBANK0     0000E1
_main                                            text0        000B28
_main_led_stat                                   bssCOMRAM    000043
_min_bat_voltage_for_test                        bssBANK0     0000A2
_min_bat_voltage_normal_cahrging                 bssBANK0     0000A4
_msec100buzz                                     bssBANK0     0000E2
_nRBPU                                           (abs)        007F8F
_normal_charging                                 bssBANK0     0000E3
_num_of_bat_cells                                bssCOMRAM    00002F
_number_of_recived_bytes                         bssCOMRAM    000044
_octpowers                                       mediumconst  001BC1
_output_hendler                                  text11       00185A
_power_fail_count                                bssBANK0     0000E4
_power_stat                                      bssBANK0     0000E5
_previous_charge_stat                            bssBANK0     0000A6
_previous_trickle_stat                           bssBANK0     0000A8
_printf                                          text28       0001CE
_printf$1564                                     cstackBANK1  000103
_printf$1565                                     cstackBANK1  000105
_printf$1571                                     cstackBANK1  000107
_putch                                           text29       001B78
_readA2D                                         text6        0015A8
_red_led                                         bssCOMRAM    000045
_rx_buufer                                       bssBANK0     000060
_rx_pointer                                      bssCOMRAM    000046
_rx_timeout                                      bssBANK0     0000E6
_save_int_to_eeprom                              text14       001978
_saved_error_buzzer_count                        bssBANK0     0000AA
_saved_hours_counter                             bssCOMRAM    000031
_second_sample_count                             bssBANK0     0000E7
_send_data_flag                                  bitbssCOMRAM 000250
_short_press_time_max                            bssBANK0     0000AC
_short_press_time_min                            bssBANK0     0000AE
_short_test_stat_hendler                         text10       0011FE
_short_time_test_pass                            bssBANK0     0000B0
_shorted_bat_voltage                             bssBANK0     0000B2
_sleep_stat_hendler                              text5        000DEA
_solar_cell_voltage                              bssBANK0     0000B4
_start_analog_sequence_flag                      bssCOMRAM    000047
_start_sampling_flag                             bssCOMRAM    000048
_stat                                            bssCOMRAM    000033
_stby_stat_hendler                               text4        001634
_sw_direction                                    bssBANK0     0000E8
_sw_stat                                         bssCOMRAM    000049
_tempa                                           bssBANK0     0000B6
_test_faild_flag                                 nvBANK0      0000ED
_test_led_time_count                             bssBANK0     0000B8
_test_stat_hendler                               text3        0016B6
_test_sw_count                                   bssBANK0     0000BA
_test_time_count                                 bssCOMRAM    000035
_time_to_pass_test                               bssBANK0     0000BC
_tmpI                                            bssBANK0     0000BE
_total_bat_is_disconnected_voltage               bssBANK0     0000C0
_total_batt_full_voltage                         bssBANK0     0000C2
_total_led_off_bat_voltage                       bssBANK0     0000C4
_total_led_on_bat_voltage                        bssBANK0     0000C6
_total_min_bat_voltage_normal_cahrging           bssBANK0     0000C8
_total_shorted_bat_voltage                       bssBANK0     0000CA
_trickl_charging                                 bssBANK0     0000E9
_unit_ID                                         bssBANK0     0000CC
_unit_type                                       bssBANK0     0000EA
_vbat_check                                      text2        001512
_week_in_houres                                  bssBANK0     0000CE
_work_stat_hendler                               text1        0013C4
_working_timeout                                 bssBANK0     000074
_year_time                                       bssBANK0     0000D0
activate_buzzer@Off_duration                     cstackCOMRAM 00001D
activate_buzzer@On_duration                      cstackCOMRAM 00001C
activate_buzzer@beeps                            cstackCOMRAM 00001E
blink_GREEN_LED_and_RED_LED_and_BUZZER@blinks    cstackCOMRAM 000021
blink_GREEN_LED_and_RED_LED_and_BUZZER@i         cstackCOMRAM 000022
blink_GREEN_LED_and_RED_LED_and_BUZZER@timeMs    cstackCOMRAM 00001F
blink_RED_LED@blinks                             cstackCOMRAM 000015
blink_RED_LED@i                                  cstackCOMRAM 000016
blink_RED_LED@timeMs                             cstackCOMRAM 000013
buzz_off@duration                                cstackCOMRAM 000010
buzz_on@_dcnt                                    cstackCOMRAM 000018
buzz_on@_dcnt_864                                cstackCOMRAM 000019
buzz_on@calc_duration                            cstackCOMRAM 00001A
buzz_on@duration                                 cstackCOMRAM 000016
buzz_on@temp_GIE                                 cstackCOMRAM 000017
eeprom_time_delay@houres                         cstackCOMRAM 000018
eeprom_time_delay@temp                           cstackCOMRAM 00001C
end_of_initialization                            cinit        001A4A
globals@test_faild_flag                          nvBANK0      0000EF
intlevel0                                        text         000000
intlevel1                                        text         000000
intlevel2                                        text         000000
intlevel3                                        text         000000
isdigit@c                                        cstackCOMRAM 000012
load_int_from_eeprom@a                           cstackCOMRAM 000015
load_int_from_eeprom@add                         cstackCOMRAM 000017
printf@ap                                        cstackBANK1  00010B
printf@c                                         cstackBANK1  000112
printf@cp                                        cstackBANK1  000101
printf@f                                         cstackCOMRAM 00001C
printf@flag                                      cstackBANK1  000113
printf@idx                                       cstackBANK1  000100
printf@len                                       cstackBANK1  000109
printf@prec                                      cstackBANK1  00010F
printf@val                                       cstackBANK1  00010D
printf@width                                     cstackBANK1  000110
putch@tx_byte                                    cstackCOMRAM 000010
readA2D@A2D_Result                               cstackCOMRAM 000018
readA2D@_dcnt                                    cstackCOMRAM 000015
readA2D@_dcnt_180                                cstackCOMRAM 000016
readA2D@channel                                  cstackCOMRAM 000014
readA2D@i                                        cstackCOMRAM 000017
save_int_to_eeprom@add                           cstackCOMRAM 000016
save_int_to_eeprom@data                          cstackCOMRAM 000014
stackhi                                          (abs)        0001FF
stacklo                                          (abs)        000129
start                                            init         0001CA
start_initialization                             cinit        001A24


FUNCTION INFORMATION:

 *************** function _main *****************
 Defined at:
		line 93 in file "../main.c"
 Parameters:    Size  Location     Type
		None
 Auto vars:     Size  Location     Type
		None
 Return value:  Size  Location     Type
		None               void
 Registers used:
		wreg, fsr2l, fsr2h, status,2, status,0, tblptrl, tblptrh, tblptru, prodl, prodh, cstack
 Tracked objects:
		On entry : 
		On exit  : 
		Unchanged: 
 Data sizes:     COMRAM   BANK0   BANK1
      Params:         0       0       0
      Locals:         0       0       0
      Temps:          1       0       0
      Totals:         1       0       0
Total ram usage:        1 bytes
 Hardware stack levels required when called:    6
 This function calls:
		_Charging_handler
		_DelayMs
		___lwmod
		_blink_GREEN_LED_and_RED_LED_and_BUZZER
		_display_voltage
		_eeprom_data_refresh
		_error_stat_hendler
		_init_USART
		_init_system
		_load_int_from_eeprom
		_long_test_stat_hendler
		_output_hendler
		_printf
		_readA2D
		_save_int_to_eeprom
		_short_test_stat_hendler
		_sleep_stat_hendler
		_stby_stat_hendler
		_test_stat_hendler
		_vbat_check
		_work_stat_hendler
 This function is called by:
		Startup code after reset
 This function uses a non-reentrant model


 *************** function _work_stat_hendler *****************
 Defined at:
		line 400 in file "../func.c"
 Parameters:    Size  Location     Type
		None
 Auto vars:     Size  Location     Type
		None
 Return value:  Size  Location     Type
		None               void
 Registers used:
		wreg, fsr2l, fsr2h, status,2, status,0, tblptrl, tblptrh, tblptru, prodl, prodh, cstack
 Tracked objects:
		On entry : 
		On exit  : 
		Unchanged: 
 Data sizes:     COMRAM   BANK0   BANK1
      Params:         0       0       0
      Locals:         0       0       0
      Temps:          2       0       0
      Totals:         2       0       0
Total ram usage:        2 bytes
 Hardware stack levels used:    1
 Hardware stack levels required when called:    3
 This function calls:
		_printf
 This function is called by:
		_main
 This function uses a non-reentrant model


 *************** function _vbat_check *****************
 Defined at:
		line 207 in file "../func.c"
 Parameters:    Size  Location     Type
		None
 Auto vars:     Size  Location     Type
		None
 Return value:  Size  Location     Type
		None               void
 Registers used:
		wreg, fsr2l, fsr2h, status,2, status,0, tblptrl, tblptrh, tblptru, prodl, prodh, cstack
 Tracked objects:
		On entry : 
		On exit  : 
		Unchanged: 
 Data sizes:     COMRAM   BANK0   BANK1
      Params:         0       0       0
      Locals:         0       0       0
      Temps:          0       0       0
      Totals:         0       0       0
Total ram usage:        0 bytes
 Hardware stack levels used:    1
 Hardware stack levels required when called:    3
 This function calls:
		_printf
 This function is called by:
		_main
 This function uses a non-reentrant model


 *************** function _test_stat_hendler *****************
 Defined at:
		line 451 in file "../func.c"
 Parameters:    Size  Location     Type
		None
 Auto vars:     Size  Location     Type
		None
 Return value:  Size  Location     Type
		None               void
 Registers used:
		wreg, fsr2l, fsr2h, status,2, status,0, tblptrl, tblptrh, tblptru, prodl, prodh, cstack
 Tracked objects:
		On entry : 
		On exit  : 
		Unchanged: 
 Data sizes:     COMRAM   BANK0   BANK1
      Params:         0       0       0
      Locals:         0       0       0
      Temps:          1       0       0
      Totals:         1       0       0
Total ram usage:        1 bytes
 Hardware stack levels used:    1
 Hardware stack levels required when called:    3
 This function calls:
		_printf
 This function is called by:
		_main
 This function uses a non-reentrant model


 *************** function _stby_stat_hendler *****************
 Defined at:
		line 352 in file "../func.c"
 Parameters:    Size  Location     Type
		None
 Auto vars:     Size  Location     Type
		None
 Return value:  Size  Location     Type
		None               void
 Registers used:
		wreg, fsr2l, fsr2h, status,2, status,0, tblptrl, tblptrh, tblptru, prodl, prodh, cstack
 Tracked objects:
		On entry : 
		On exit  : 
		Unchanged: 
 Data sizes:     COMRAM   BANK0   BANK1
      Params:         0       0       0
      Locals:         0       0       0
      Temps:          2       0       0
      Totals:         2       0       0
Total ram usage:        2 bytes
 Hardware stack levels used:    1
 Hardware stack levels required when called:    3
 This function calls:
		_printf
 This function is called by:
		_main
 This function uses a non-reentrant model


 *************** function _sleep_stat_hendler *****************
 Defined at:
		line 517 in file "../func.c"
 Parameters:    Size  Location     Type
		None
 Auto vars:     Size  Location     Type
		None
 Return value:  Size  Location     Type
		None               void
 Registers used:
		wreg, fsr2l, fsr2h, status,2, status,0, tblptrl, tblptrh, tblptru, prodl, prodh, cstack
 Tracked objects:
		On entry : 
		On exit  : 
		Unchanged: 
 Data sizes:     COMRAM   BANK0   BANK1
      Params:         0       0       0
      Locals:         0       0       0
      Temps:          0       0       0
      Totals:         0       0       0
Total ram usage:        0 bytes
 Hardware stack levels used:    1
 Hardware stack levels required when called:    5
 This function calls:
		_DelayMs
		_blink_GREEN_LED_and_RED_LED_and_BUZZER
		_init_USART
		_init_system
		_printf
		_readA2D
 This function is called by:
		_main
 This function uses a non-reentrant model


 *************** function _readA2D *****************
 Defined at:
		line 14 in file "../a2d.c"
 Parameters:    Size  Location     Type
  channel         1    wreg     unsigned char 
 Auto vars:     Size  Location     Type
  channel         1   19[COMRAM] unsigned char 
  _dcnt           1   21[COMRAM] unsigned char 
  _dcnt           1   20[COMRAM] unsigned char 
  A2D_Result      2   23[COMRAM] unsigned int 
  i               1   22[COMRAM] unsigned char 
 Return value:  Size  Location     Type
                  2   15[COMRAM] unsigned int 
 Registers used:
		wreg, status,2, status,0
 Tracked objects:
		On entry : 
		On exit  : 
		Unchanged: 
 Data sizes:     COMRAM   BANK0   BANK1
      Params:         2       0       0
      Locals:         6       0       0
      Temps:          2       0       0
      Totals:        10       0       0
Total ram usage:       10 bytes
 Hardware stack levels used:    1
 Hardware stack levels required when called:    1
 This function calls:
		Nothing
 This function is called by:
		_sleep_stat_hendler
		_main
 This function uses a non-reentrant model


 *************** function _init_system *****************
 Defined at:
		line 36 in file "../func.c"
 Parameters:    Size  Location     Type
		None
 Auto vars:     Size  Location     Type
		None
 Return value:  Size  Location     Type
		None               void
 Registers used:
		wreg, status,2
 Tracked objects:
		On entry : 
		On exit  : 
		Unchanged: 
 Data sizes:     COMRAM   BANK0   BANK1
      Params:         0       0       0
      Locals:         0       0       0
      Temps:          0       0       0
      Totals:         0       0       0
Total ram usage:        0 bytes
 Hardware stack levels used:    1
 Hardware stack levels required when called:    1
 This function calls:
		Nothing
 This function is called by:
		_sleep_stat_hendler
		_main
 This function uses a non-reentrant model


 *************** function _init_USART *****************
 Defined at:
		line 22 in file "../usart.c"
 Parameters:    Size  Location     Type
		None
 Auto vars:     Size  Location     Type
		None
 Return value:  Size  Location     Type
		None               void
 Registers used:
		wreg, status,2
 Tracked objects:
		On entry : 
		On exit  : 
		Unchanged: 
 Data sizes:     COMRAM   BANK0   BANK1
      Params:         0       0       0
      Locals:         0       0       0
      Temps:          0       0       0
      Totals:         0       0       0
Total ram usage:        0 bytes
 Hardware stack levels used:    1
 Hardware stack levels required when called:    1
 This function calls:
		Nothing
 This function is called by:
		_sleep_stat_hendler
		_main
 This function uses a non-reentrant model


 *************** function _blink_GREEN_LED_and_RED_LED_and_BUZZER *****************
 Defined at:
		line 191 in file "../func.c"
 Parameters:    Size  Location     Type
  blinks          1    wreg     unsigned char 
  timeMs          2   30[COMRAM] unsigned int 
 Auto vars:     Size  Location     Type
  blinks          1   32[COMRAM] unsigned char 
  i               1   33[COMRAM] unsigned char 
 Return value:  Size  Location     Type
		None               void
 Registers used:
		wreg, status,2, status,0, prodl, prodh, cstack
 Tracked objects:
		On entry : 
		On exit  : 
		Unchanged: 
 Data sizes:     COMRAM   BANK0   BANK1
      Params:         2       0       0
      Locals:         2       0       0
      Temps:          0       0       0
      Totals:         4       0       0
Total ram usage:        4 bytes
 Hardware stack levels used:    1
 Hardware stack levels required when called:    4
 This function calls:
		_DelayMs
		_activate_buzzer
 This function is called by:
		_sleep_stat_hendler
		_main
 This function uses a non-reentrant model


 *************** function _short_test_stat_hendler *****************
 Defined at:
		line 695 in file "../func.c"
 Parameters:    Size  Location     Type
		None
 Auto vars:     Size  Location     Type
		None
 Return value:  Size  Location     Type
		None               void
 Registers used:
		wreg, fsr2l, fsr2h, status,2, status,0, tblptrl, tblptrh, tblptru, prodl, prodh, cstack
 Tracked objects:
		On entry : 
		On exit  : 
		Unchanged: 
 Data sizes:     COMRAM   BANK0   BANK1
      Params:         0       0       0
      Locals:         0       0       0
      Temps:          0       0       0
      Totals:         0       0       0
Total ram usage:        0 bytes
 Hardware stack levels used:    1
 Hardware stack levels required when called:    4
 This function calls:
		_eeprom_time_delay
		_printf
 This function is called by:
		_main
 This function uses a non-reentrant model


 *************** function _output_hendler *****************
 Defined at:
		line 758 in file "../func.c"
 Parameters:    Size  Location     Type
		None
 Auto vars:     Size  Location     Type
		None
 Return value:  Size  Location     Type
		None               void
 Registers used:
		wreg, status,2, status,0, prodl, prodh, cstack
 Tracked objects:
		On entry : 
		On exit  : 
		Unchanged: 
 Data sizes:     COMRAM   BANK0   BANK1
      Params:         0       0       0
      Locals:         0       0       0
      Temps:          0       0       0
      Totals:         0       0       0
Total ram usage:        0 bytes
 Hardware stack levels used:    1
 Hardware stack levels required when called:    4
 This function calls:
		_activate_buzzer
 This function is called by:
		_main
 This function uses a non-reentrant model


 *************** function _long_test_stat_hendler *****************
 Defined at:
		line 628 in file "../func.c"
 Parameters:    Size  Location     Type
		None
 Auto vars:     Size  Location     Type
		None
 Return value:  Size  Location     Type
		None               void
 Registers used:
		wreg, fsr2l, fsr2h, status,2, status,0, tblptrl, tblptrh, tblptru, prodl, prodh, cstack
 Tracked objects:
		On entry : 
		On exit  : 
		Unchanged: 
 Data sizes:     COMRAM   BANK0   BANK1
      Params:         0       0       0
      Locals:         0       0       0
      Temps:          0       0       0
      Totals:         0       0       0
Total ram usage:        0 bytes
 Hardware stack levels used:    1
 Hardware stack levels required when called:    4
 This function calls:
		_eeprom_time_delay
		_printf
		_save_int_to_eeprom
 This function is called by:
		_main
 This function uses a non-reentrant model


 *************** function _eeprom_time_delay *****************
 Defined at:
		line 342 in file "../func.c"
 Parameters:    Size  Location     Type
  houres          2   23[COMRAM] unsigned int 
 Auto vars:     Size  Location     Type
  temp            2   27[COMRAM] unsigned int 
 Return value:  Size  Location     Type
		None               void
 Registers used:
		wreg, status,2, status,0, cstack
 Tracked objects:
		On entry : 
		On exit  : 
		Unchanged: 
 Data sizes:     COMRAM   BANK0   BANK1
      Params:         2       0       0
      Locals:         2       0       0
      Temps:          2       0       0
      Totals:         6       0       0
Total ram usage:        6 bytes
 Hardware stack levels used:    1
 Hardware stack levels required when called:    3
 This function calls:
		_load_int_from_eeprom
		_save_int_to_eeprom
 This function is called by:
		_long_test_stat_hendler
		_short_test_stat_hendler
 This function uses a non-reentrant model


 *************** function _save_int_to_eeprom *****************
 Defined at:
		line 288 in file "../func.c"
 Parameters:    Size  Location     Type
  add             1    wreg     unsigned char 
  data            2   19[COMRAM] unsigned int 
 Auto vars:     Size  Location     Type
  add             1   21[COMRAM] unsigned char 
 Return value:  Size  Location     Type
		None               void
 Registers used:
		wreg, status,2, status,0, cstack
 Tracked objects:
		On entry : 
		On exit  : 
		Unchanged: 
 Data sizes:     COMRAM   BANK0   BANK1
      Params:         2       0       0
      Locals:         1       0       0
      Temps:          0       0       0
      Totals:         3       0       0
Total ram usage:        3 bytes
 Hardware stack levels used:    1
 Hardware stack levels required when called:    2
 This function calls:
		_Busy_eep
		_DelayMs
		_Write_b_eep
 This function is called by:
		_eeprom_time_delay
		_long_test_stat_hendler
		_main
 This function uses a non-reentrant model


 *************** function _Write_b_eep *****************
 Defined at:
		line 30 in file "C:\Program Files (x86)\Microchip\xc8\v1.34\sources\pic18\plib\EEP\write_B.c"
 Parameters:    Size  Location     Type
  badd            2   15[COMRAM] unsigned int 
  bdat            1   17[COMRAM] unsigned char 
 Auto vars:     Size  Location     Type
  GIE_BIT_VAL     1   18[COMRAM] unsigned char 
 Return value:  Size  Location     Type
		None               void
 Registers used:
		wreg, status,2
 Tracked objects:
		On entry : 
		On exit  : 
		Unchanged: 
 Data sizes:     COMRAM   BANK0   BANK1
      Params:         3       0       0
      Locals:         1       0       0
      Temps:          0       0       0
      Totals:         4       0       0
Total ram usage:        4 bytes
 Hardware stack levels used:    1
 Hardware stack levels required when called:    1
 This function calls:
		Nothing
 This function is called by:
		_save_int_to_eeprom
 This function uses a non-reentrant model


 *************** function _Busy_eep *****************
 Defined at:
		line 12 in file "C:\Program Files (x86)\Microchip\xc8\v1.34\sources\pic18\plib\EEP\busy_eep.c"
 Parameters:    Size  Location     Type
		None
 Auto vars:     Size  Location     Type
		None
 Return value:  Size  Location     Type
		None               void
 Registers used:
		None
 Tracked objects:
		On entry : 
		On exit  : 
		Unchanged: 
 Data sizes:     COMRAM   BANK0   BANK1
      Params:         0       0       0
      Locals:         0       0       0
      Temps:          0       0       0
      Totals:         0       0       0
Total ram usage:        0 bytes
 Hardware stack levels used:    1
 Hardware stack levels required when called:    1
 This function calls:
		Nothing
 This function is called by:
		_save_int_to_eeprom
 This function uses a non-reentrant model


 *************** function _error_stat_hendler *****************
 Defined at:
		line 482 in file "../func.c"
 Parameters:    Size  Location     Type
		None
 Auto vars:     Size  Location     Type
		None
 Return value:  Size  Location     Type
		None               void
 Registers used:
		wreg, fsr2l, fsr2h, status,2, status,0, tblptrl, tblptrh, tblptru, prodl, prodh, cstack
 Tracked objects:
		On entry : 
		On exit  : 
		Unchanged: 
 Data sizes:     COMRAM   BANK0   BANK1
      Params:         0       0       0
      Locals:         0       0       0
      Temps:          2       0       0
      Totals:         2       0       0
Total ram usage:        2 bytes
 Hardware stack levels used:    1
 Hardware stack levels required when called:    4
 This function calls:
		_activate_buzzer
		_blink_RED_LED
		_load_int_from_eeprom
		_printf
 This function is called by:
		_main
 This function uses a non-reentrant model


 *************** function _blink_RED_LED *****************
 Defined at:
		line 93 in file "../func.c"
 Parameters:    Size  Location     Type
  blinks          1    wreg     unsigned char 
  timeMs          2   18[COMRAM] unsigned int 
 Auto vars:     Size  Location     Type
  blinks          1   20[COMRAM] unsigned char 
  i               1   21[COMRAM] unsigned char 
 Return value:  Size  Location     Type
		None               void
 Registers used:
		wreg, status,2, status,0, cstack
 Tracked objects:
		On entry : 
		On exit  : 
		Unchanged: 
 Data sizes:     COMRAM   BANK0   BANK1
      Params:         2       0       0
      Locals:         2       0       0
      Temps:          0       0       0
      Totals:         4       0       0
Total ram usage:        4 bytes
 Hardware stack levels used:    1
 Hardware stack levels required when called:    2
 This function calls:
		_DelayMs
 This function is called by:
		_error_stat_hendler
 This function uses a non-reentrant model


 *************** function _DelayMs *****************
 Defined at:
		line 10 in file "../delay.c"
 Parameters:    Size  Location     Type
  cnt             1    wreg     unsigned char 
 Auto vars:     Size  Location     Type
  cnt             1   15[COMRAM] unsigned char 
  _dcnt           1   17[COMRAM] unsigned char 
  i               1   16[COMRAM] unsigned char 
 Return value:  Size  Location     Type
		None               void
 Registers used:
		wreg, status,2
 Tracked objects:
		On entry : 
		On exit  : 
		Unchanged: 
 Data sizes:     COMRAM   BANK0   BANK1
      Params:         0       0       0
      Locals:         3       0       0
      Temps:          0       0       0
      Totals:         3       0       0
Total ram usage:        3 bytes
 Hardware stack levels used:    1
 Hardware stack levels required when called:    1
 This function calls:
		Nothing
 This function is called by:
		_blink_RED_LED
		_blink_GREEN_LED_and_RED_LED_and_BUZZER
		_save_int_to_eeprom
		_sleep_stat_hendler
		_main
		_blink_GREEN_LED
		_blink_GREEN_LED_and_RED_LED
 This function uses a non-reentrant model


 *************** function _activate_buzzer *****************
 Defined at:
		line 137 in file "../func.c"
 Parameters:    Size  Location     Type
  beeps           1    wreg     unsigned char 
  On_duration     1   27[COMRAM] unsigned char 
  Off_duration    1   28[COMRAM] unsigned char 
 Auto vars:     Size  Location     Type
  beeps           1   29[COMRAM] unsigned char 
  i               1    0        unsigned char 
 Return value:  Size  Location     Type
		None               void
 Registers used:
		wreg, status,2, status,0, prodl, prodh, cstack
 Tracked objects:
		On entry : 
		On exit  : 
		Unchanged: 
 Data sizes:     COMRAM   BANK0   BANK1
      Params:         2       0       0
      Locals:         1       0       0
      Temps:          0       0       0
      Totals:         3       0       0
Total ram usage:        3 bytes
 Hardware stack levels used:    1
 Hardware stack levels required when called:    3
 This function calls:
		_buzz_off
		_buzz_on
 This function is called by:
		_blink_GREEN_LED_and_RED_LED_and_BUZZER
		_error_stat_hendler
		_output_hendler
 This function uses a non-reentrant model


 *************** function _buzz_on *****************
 Defined at:
		line 168 in file "../func.c"
 Parameters:    Size  Location     Type
  duration        1    wreg     unsigned char 
 Auto vars:     Size  Location     Type
  duration        1   21[COMRAM] unsigned char 
  _dcnt           1   24[COMRAM] unsigned char 
  _dcnt           1   23[COMRAM] unsigned char 
  calc_duratio    2   25[COMRAM] unsigned int 
  temp_GIE        1   22[COMRAM] unsigned char 
 Return value:  Size  Location     Type
		None               void
 Registers used:
		wreg, status,2, status,0, prodl, prodh, cstack
 Tracked objects:
		On entry : 
		On exit  : 
		Unchanged: 
 Data sizes:     COMRAM   BANK0   BANK1
      Params:         0       0       0
      Locals:         6       0       0
      Temps:          0       0       0
      Totals:         6       0       0
Total ram usage:        6 bytes
 Hardware stack levels used:    1
 Hardware stack levels required when called:    2
 This function calls:
		___wmul
 This function is called by:
		_activate_buzzer
 This function uses a non-reentrant model


 *************** function _buzz_off *****************
 Defined at:
		line 151 in file "../func.c"
 Parameters:    Size  Location     Type
  duration        1    wreg     unsigned char 
 Auto vars:     Size  Location     Type
  duration        1   15[COMRAM] unsigned char 
 Return value:  Size  Location     Type
		None               void
 Registers used:
		wreg, status,2, status,0
 Tracked objects:
		On entry : 
		On exit  : 
		Unchanged: 
 Data sizes:     COMRAM   BANK0   BANK1
      Params:         0       0       0
      Locals:         1       0       0
      Temps:          0       0       0
      Totals:         1       0       0
Total ram usage:        1 bytes
 Hardware stack levels used:    1
 Hardware stack levels required when called:    1
 This function calls:
		Nothing
 This function is called by:
		_activate_buzzer
 This function uses a non-reentrant model


 *************** function _eeprom_data_refresh *****************
 Defined at:
		line 307 in file "../func.c"
 Parameters:    Size  Location     Type
		None
 Auto vars:     Size  Location     Type
		None
 Return value:  Size  Location     Type
		None               void
 Registers used:
		wreg, status,2, status,0, prodl, prodh, cstack
 Tracked objects:
		On entry : 
		On exit  : 
		Unchanged: 
 Data sizes:     COMRAM   BANK0   BANK1
      Params:         0       0       0
      Locals:         0       0       0
      Temps:          0       0       0
      Totals:         0       0       0
Total ram usage:        0 bytes
 Hardware stack levels used:    1
 Hardware stack levels required when called:    3
 This function calls:
		___wmul
		_load_int_from_eeprom
 This function is called by:
		_main
 This function uses a non-reentrant model


 *************** function _load_int_from_eeprom *****************
 Defined at:
		line 279 in file "../func.c"
 Parameters:    Size  Location     Type
  add             1    wreg     unsigned char 
 Auto vars:     Size  Location     Type
  add             1   22[COMRAM] unsigned char 
  a               2   20[COMRAM] unsigned int 
 Return value:  Size  Location     Type
                  2   17[COMRAM] unsigned int 
 Registers used:
		wreg, status,2, status,0, cstack
 Tracked objects:
		On entry : 
		On exit  : 
		Unchanged: 
 Data sizes:     COMRAM   BANK0   BANK1
      Params:         2       0       0
      Locals:         3       0       0
      Temps:          1       0       0
      Totals:         6       0       0
Total ram usage:        6 bytes
 Hardware stack levels used:    1
 Hardware stack levels required when called:    2
 This function calls:
		_Read_b_eep
 This function is called by:
		_eeprom_data_refresh
		_eeprom_time_delay
		_error_stat_hendler
		_main
 This function uses a non-reentrant model


 *************** function _Read_b_eep *****************
 Defined at:
		line 23 in file "C:\Program Files (x86)\Microchip\xc8\v1.34\sources\pic18\plib\EEP\read_B.c"
 Parameters:    Size  Location     Type
  badd            2   15[COMRAM] unsigned int 
 Auto vars:     Size  Location     Type
		None
 Return value:  Size  Location     Type
                  1    wreg      unsigned char 
 Registers used:
		wreg, status,2
 Tracked objects:
		On entry : 
		On exit  : 
		Unchanged: 
 Data sizes:     COMRAM   BANK0   BANK1
      Params:         2       0       0
      Locals:         0       0       0
      Temps:          0       0       0
      Totals:         2       0       0
Total ram usage:        2 bytes
 Hardware stack levels used:    1
 Hardware stack levels required when called:    1
 This function calls:
		Nothing
 This function is called by:
		_load_int_from_eeprom
 This function uses a non-reentrant model


 *************** function _display_voltage *****************
 Defined at:
		line 394 in file "../func.c"
 Parameters:    Size  Location     Type
		None
 Auto vars:     Size  Location     Type
		None
 Return value:  Size  Location     Type
		None               void
 Registers used:
		wreg, fsr2l, fsr2h, status,2, status,0, tblptrl, tblptrh, tblptru, prodl, prodh, cstack
 Tracked objects:
		On entry : 
		On exit  : 
		Unchanged: 
 Data sizes:     COMRAM   BANK0   BANK1
      Params:         0       0       0
      Locals:         0       0       0
      Temps:          0       0       0
      Totals:         0       0       0
Total ram usage:        0 bytes
 Hardware stack levels used:    1
 Hardware stack levels required when called:    3
 This function calls:
		_printf
 This function is called by:
		_main
 This function uses a non-reentrant model


 *************** function _Charging_handler *****************
 Defined at:
		line 244 in file "../func.c"
 Parameters:    Size  Location     Type
		None
 Auto vars:     Size  Location     Type
		None
 Return value:  Size  Location     Type
		None               void
 Registers used:
		wreg, fsr2l, fsr2h, status,2, status,0, tblptrl, tblptrh, tblptru, prodl, prodh, cstack
 Tracked objects:
		On entry : 
		On exit  : 
		Unchanged: 
 Data sizes:     COMRAM   BANK0   BANK1
      Params:         0       0       0
      Locals:         0       0       0
      Temps:          0       0       0
      Totals:         0       0       0
Total ram usage:        0 bytes
 Hardware stack levels used:    1
 Hardware stack levels required when called:    3
 This function calls:
		_printf
 This function is called by:
		_main
 This function uses a non-reentrant model


 *************** function _printf *****************
 Defined at:
		line 464 in file "C:\Program Files (x86)\Microchip\xc8\v1.34\sources\common\doprnt.c"
 Parameters:    Size  Location     Type
  f               2   27[COMRAM] PTR const unsigned char 
		 -> STR_44(13), STR_43(19), STR_42(35), STR_41(29), 
		 -> STR_40(40), STR_39(22), STR_38(30), STR_37(32), 
		 -> STR_36(37), STR_35(24), STR_34(15), STR_33(29), 
		 -> STR_32(10), STR_31(28), STR_30(34), STR_29(16), 
		 -> STR_28(23), STR_27(22), STR_26(25), STR_25(22), 
		 -> STR_24(16), STR_23(17), STR_22(15), STR_21(21), 
		 -> STR_20(22), STR_19(37), STR_18(16), STR_17(21), 
		 -> STR_16(15), STR_15(58), STR_14(19), STR_13(31), 
		 -> STR_12(22), STR_11(24), STR_10(13), STR_9(22), 
		 -> STR_8(8), STR_7(22), STR_6(16), STR_5(33), 
		 -> STR_4(28), STR_3(27), STR_2(27), STR_1(19), 
 Auto vars:     Size  Location     Type
  idx             1    0[BANK1 ] unsigned char 
  tmpval          4    0        struct .
  flag            2   19[BANK1 ] unsigned short 
  width           2   16[BANK1 ] int 
  val             2   13[BANK1 ] unsigned int 
  ap              2   11[BANK1 ] PTR void [1]
		 -> ?_printf(2), 
  len             2    9[BANK1 ] unsigned int 
  cp              2    1[BANK1 ] PTR const unsigned char 
		 -> printf@c(1), 
  c               1   18[BANK1 ] char 
  prec            1   15[BANK1 ] char 
 Return value:  Size  Location     Type
                  2   27[COMRAM] int 
 Registers used:
		wreg, fsr2l, fsr2h, status,2, status,0, tblptrl, tblptrh, tblptru, prodl, prodh, cstack
 Tracked objects:
		On entry : 
		On exit  : 
		Unchanged: 
 Data sizes:     COMRAM   BANK0   BANK1
      Params:         6       0       0
      Locals:         0       0      21
      Temps:          4       0       0
      Totals:        10       0      21
Total ram usage:       31 bytes
 Hardware stack levels used:    1
 Hardware stack levels required when called:    2
 This function calls:
		___lwdiv
		___lwmod
		___wmul
		_isdigit
		_putch
 This function is called by:
		_vbat_check
		_Charging_handler
		_stby_stat_hendler
		_display_voltage
		_work_stat_hendler
		_test_stat_hendler
		_error_stat_hendler
		_sleep_stat_hendler
		_long_test_stat_hendler
		_short_test_stat_hendler
		_main
 This function uses a non-reentrant model


 *************** function _putch *****************
 Defined at:
		line 51 in file "../usart.c"
 Parameters:    Size  Location     Type
  tx_byte         1    wreg     unsigned char 
 Auto vars:     Size  Location     Type
  tx_byte         1   15[COMRAM] unsigned char 
 Return value:  Size  Location     Type
		None               void
 Registers used:
		wreg
 Tracked objects:
		On entry : 
		On exit  : 
		Unchanged: 
 Data sizes:     COMRAM   BANK0   BANK1
      Params:         0       0       0
      Locals:         1       0       0
      Temps:          0       0       0
      Totals:         1       0       0
Total ram usage:        1 bytes
 Hardware stack levels used:    1
 Hardware stack levels required when called:    1
 This function calls:
		Nothing
 This function is called by:
		_printf
		_putsSW_UART
 This function uses a non-reentrant model


 *************** function _isdigit *****************
 Defined at:
		line 8 in file "C:\Program Files (x86)\Microchip\xc8\v1.34\sources\common\isdigit.c"
 Parameters:    Size  Location     Type
  c               1    wreg     unsigned char 
 Auto vars:     Size  Location     Type
  c               1   17[COMRAM] unsigned char 
 Return value:  Size  Location     Type
		None               void
 Registers used:
		wreg, status,2, status,0
 Tracked objects:
		On entry : 
		On exit  : 
		Unchanged: 
 Data sizes:     COMRAM   BANK0   BANK1
      Params:         0       0       0
      Locals:         2       0       0
      Temps:          1       0       0
      Totals:         3       0       0
Total ram usage:        3 bytes
 Hardware stack levels used:    1
 Hardware stack levels required when called:    1
 This function calls:
		Nothing
 This function is called by:
		_printf
 This function uses a non-reentrant model


 *************** function ___wmul *****************
 Defined at:
		line 15 in file "C:\Program Files (x86)\Microchip\xc8\v1.34\sources\common\Umul16.c"
 Parameters:    Size  Location     Type
  multiplier      2   15[COMRAM] unsigned int 
  multiplicand    2   17[COMRAM] unsigned int 
 Auto vars:     Size  Location     Type
  product         2   19[COMRAM] unsigned int 
 Return value:  Size  Location     Type
                  2   15[COMRAM] unsigned int 
 Registers used:
		wreg, status,2, status,0, prodl, prodh
 Tracked objects:
		On entry : 
		On exit  : 
		Unchanged: 
 Data sizes:     COMRAM   BANK0   BANK1
      Params:         4       0       0
      Locals:         2       0       0
      Temps:          0       0       0
      Totals:         6       0       0
Total ram usage:        6 bytes
 Hardware stack levels used:    1
 Hardware stack levels required when called:    1
 This function calls:
		Nothing
 This function is called by:
		_buzz_on
		_eeprom_data_refresh
		_printf
 This function uses a non-reentrant model


 *************** function ___lwmod *****************
 Defined at:
		line 8 in file "C:\Program Files (x86)\Microchip\xc8\v1.34\sources\common\lwmod.c"
 Parameters:    Size  Location     Type
  dividend        2   22[COMRAM] unsigned int 
  divisor         2   24[COMRAM] unsigned int 
 Auto vars:     Size  Location     Type
  counter         1   26[COMRAM] unsigned char 
 Return value:  Size  Location     Type
                  2   22[COMRAM] unsigned int 
 Registers used:
		wreg, status,2, status,0
 Tracked objects:
		On entry : 
		On exit  : 
		Unchanged: 
 Data sizes:     COMRAM   BANK0   BANK1
      Params:         4       0       0
      Locals:         1       0       0
      Temps:          0       0       0
      Totals:         5       0       0
Total ram usage:        5 bytes
 Hardware stack levels used:    1
 Hardware stack levels required when called:    1
 This function calls:
		Nothing
 This function is called by:
		_main
		_printf
 This function uses a non-reentrant model


 *************** function ___lwdiv *****************
 Defined at:
		line 8 in file "C:\Program Files (x86)\Microchip\xc8\v1.34\sources\common\lwdiv.c"
 Parameters:    Size  Location     Type
  dividend        2   15[COMRAM] unsigned int 
  divisor         2   17[COMRAM] unsigned int 
 Auto vars:     Size  Location     Type
  quotient        2   20[COMRAM] unsigned int 
  counter         1   19[COMRAM] unsigned char 
 Return value:  Size  Location     Type
                  2   15[COMRAM] unsigned int 
 Registers used:
		wreg, status,2, status,0
 Tracked objects:
		On entry : 
		On exit  : 
		Unchanged: 
 Data sizes:     COMRAM   BANK0   BANK1
      Params:         4       0       0
      Locals:         3       0       0
      Temps:          0       0       0
      Totals:         7       0       0
Total ram usage:        7 bytes
 Hardware stack levels used:    1
 Hardware stack levels required when called:    1
 This function calls:
		Nothing
 This function is called by:
		_printf
 This function uses a non-reentrant model


 *************** function _ISR *****************
 Defined at:
		line 12 in file "../ISR.c"
 Parameters:    Size  Location     Type
		None
 Auto vars:     Size  Location     Type
		None
 Return value:  Size  Location     Type
		None               void
 Registers used:
		wreg, fsr1l, fsr1h, fsr2l, fsr2h, status,2, status,0, prodl, prodh
 Tracked objects:
		On entry : 
		On exit  : 
		Unchanged: 
 Data sizes:     COMRAM   BANK0   BANK1
      Params:         0       0       0
      Locals:         0       0       0
      Temps:         15       0       0
      Totals:        15       0       0
Total ram usage:       15 bytes
 Hardware stack levels used:    1
 This function calls:
		Nothing
 This function is called by:
		Interrupt level 2
 This function uses a non-reentrant model



MODULE INFORMATION

Module		Function		Class		Link	Load	Size
../main.c
		_main          		CODE           	0B28	0000	707

../main.c estimated size: 707

../a2d.c
		_readA2D       		CODE           	15A8	0000	141

../a2d.c estimated size: 141

../delay.c
		_DelayMs       		CODE           	1ACA	0000	35

../delay.c estimated size: 35

C:\Program Files (x86)\Microchip\xc8\v1.34\sources\pic18\plib\EEP\read_B.c
		_Read_b_eep    		CODE           	1B64	0000	21

C:\Program Files (x86)\Microchip\xc8\v1.34\sources\pic18\plib\EEP\read_B.c estimated size: 21

../ISR.c
		_ISR           		CODE           	0008	0000	451

../ISR.c estimated size: 451

C:\Program Files (x86)\Microchip\xc8\v1.34\sources\common\lwmod.c
		___lwmod       		CODE           	18B2	0000	77

C:\Program Files (x86)\Microchip\xc8\v1.34\sources\common\lwmod.c estimated size: 77

../usart.c
		_putch         		CODE           	1B78	0000	15
		_init_USART    		CODE           	1B4C	0000	25

../usart.c estimated size: 40

C:\Program Files (x86)\Microchip\xc8\v1.34\sources\pic18\plib\EEP\busy_eep.c
		_Busy_eep      		CODE           	1B86	0000	9

C:\Program Files (x86)\Microchip\xc8\v1.34\sources\pic18\plib\EEP\busy_eep.c estimated size: 9

C:\Program Files (x86)\Microchip\xc8\v1.34\sources\common\isdigit.c
		_isdigit       		CODE           	1AEC	0000	35

C:\Program Files (x86)\Microchip\xc8\v1.34\sources\common\isdigit.c estimated size: 35

shared
		_dpowers       		MEDIUMCONST    	1BCD	0000	11
		__initializatio		CODE           	1A24	0000	39
		_octpowers     		MEDIUMCONST    	1BC1	0000	13
		_hexpowers     		MEDIUMCONST    	1BD7	0000	9

shared estimated size: 72

C:\Program Files (x86)\Microchip\xc8\v1.34\sources\common\lwdiv.c
		___lwdiv       		CODE           	17FE	0000	93

C:\Program Files (x86)\Microchip\xc8\v1.34\sources\common\lwdiv.c estimated size: 93

C:\Program Files (x86)\Microchip\xc8\v1.34\sources\common\doprnt.c
		_printf        		CODE           	01CE	0000	2395

C:\Program Files (x86)\Microchip\xc8\v1.34\sources\common\doprnt.c estimated size: 2395

../func.c
		_save_int_to_ee		CODE           	1978	0000	59
		_blink_GREEN_LE		CODE           	19EC	0000	57
		_blink_RED_LED 		CODE           	1A54	0000	43
		_short_test_sta		CODE           	11FE	0000	275
		_output_hendler		CODE           	185A	0000	89
		_buzz_off      		CODE           	1AA6	0000	37
		_eeprom_data_re		CODE           	0F7A	0000	349
		_error_stat_hen		CODE           	1310	0000	181
		_init_system   		CODE           	172E	0000	111
		_eeprom_time_de		CODE           	193E	0000	59
		_activate_buzze		CODE           	1B0E	0000	33
		_sleep_stat_hen		CODE           	0DEA	0000	401
		_load_int_from_		CODE           	18FE	0000	65
		_test_stat_hend		CODE           	16B6	0000	121
		_stby_stat_hend		CODE           	1634	0000	131
		_vbat_check    		CODE           	1512	0000	151
		_buzz_on       		CODE           	179C	0000	99
		_long_test_stat		CODE           	10D6	0000	297
		_Charging_handl		CODE           	1472	0000	161
		_display_voltag		CODE           	1B2E	0000	31
		_work_stat_hend		CODE           	13C4	0000	175

../func.c estimated size: 2925

C:\Program Files (x86)\Microchip\xc8\v1.34\sources\common\Umul16.c
		___wmul        		CODE           	1A7E	0000	41

C:\Program Files (x86)\Microchip\xc8\v1.34\sources\common\Umul16.c estimated size: 41

C:\Program Files (x86)\Microchip\xc8\v1.34\sources\pic18\plib\EEP\write_B.c
		_Write_b_eep   		CODE           	19B2	0000	59

C:\Program Files (x86)\Microchip\xc8\v1.34\sources\pic18\plib\EEP\write_B.c estimated size: 59

